I'm sorry, but errors were detected in your script. Please correct the
errors listed below, and try again.


File "game/script.rpy", line 68: expected 'simple_expression' not found.
    scene 1 with with ease
                 ^

Ren'Py Version: Ren'Py 8.4.1.25072401
Sat Jan  3 17:27:40 2026
